// Jest Snapshot v1, https://goo.gl/fbAQLP

exports[`Thumbnail component renders a thumbnail 1`] = `
<Fragment>
  <Link
    to="/undefined"
  >
    <h3>
      Look at this stupid outfit
    </h3>
    <img
      src="abc.com"
      style={
        Object {
          "height": "auto",
          "width": "200px",
        }
      }
    />
  </Link>
</Fragment>
`;
